// Jest Snapshot v1, https://goo.gl/fbAQLP

exports[`TagNote matches snapshot 1`] = `
<div
  className="tag-note"
  data-testid="id-tag-note"
>
  <h3
    className="tag-note__title"
  >
    <svg
      aria-hidden="true"
      className="svg-inline--fa fa-caret-down fa-w-10 icon"
      data-icon="caret-down"
      data-prefix="fas"
      focusable="false"
      role="img"
      style={{}}
      viewBox="0 0 320 512"
      xmlns="http://www.w3.org/2000/svg"
    >
      <path
        d="M31.3 192h257.3c17.8 0 26.7 21.5 14.1 34.1L174.1 354.8c-7.8 7.8-20.5 7.8-28.3 0L17.2 226.1C4.6 213.5 13.5 192 31.3 192z"
        fill="currentColor"
        style={{}}
      />
    </svg>
    tag-note
    :
  </h3>
</div>
`;
